<?xml version="1.0" encoding="UTF-8"?>
<project xmlns="http://maven.apache.org/POM/4.0.0" xmlns:xsi="http://www.w3.org/2001/XMLSchema-instance" xsi:schemaLocation="http://maven.apache.org/POM/4.0.0 http://maven.apache.org/maven-v4_0_0.xsd">
  <modelVersion>4.0.0</modelVersion>
  <groupId>sortpom</groupId>
  <artifactId>sortpom</artifactId>
  <version>1.0.0-SNAPSHOT</version>
  <!-- Egenskaper för projektet -->
  <properties>
    <compileSource>1.6</compileSource>
    <project.build.sourceEncoding>UTF-8</project.build.sourceEncoding>
  </properties>
  <reporting></reporting>
  <name>SortPom</name>
  <description id="id" name="pelle" other="övrigt">Här använder vi åäö</description>
</project>
