<?xml version="1.0" encoding="UTF-8"?>
<project xmlns="http://maven.apache.org/POM/4.0.0" xmlns:xsi="http://www.w3.org/2001/XMLSchema-instance" xsi:schemaLocation="http://maven.apache.org/POM/4.0.0 http://maven.apache.org/maven-v4_0_0.xsd">
  <groupId>sortpom</groupId>
  <artifactId>sortpom</artifactId>
  <properties>
    <argLine>
      --XX:Something
      <!-- disabling -->
      -XX:TieredStopAtLevel=1
      <!-- memory usage. -->
      -Xmx512m
      <!-- file encoding. -->
      -Dfile.encoding=${project.build.sourceEncoding}
    </argLine>
    <argLine2>
      <!-- disabling -->
      -XX:TieredStopAtLevel=1
      <!-- memory usage. -->
      -Xmx512m
      <!-- file encoding. -->
    </argLine2>
    <argLine3>
      <tag></tag>
      text
      <tag></tag>
    </argLine3>
    <argLine4>
      text
      <tag></tag>
      text
    </argLine4>
    <argLine5>
      text
      <tag></tag>
    </argLine5>
    <argLine6>
      <tag></tag>
      text
    </argLine6>
  </properties>
  <build>
    <plugins>
      <plugin>
        <groupId>com.github.ekryd.echo-maven-plugin</groupId>
        <artifactId>echo-maven-plugin</artifactId>
        <version>2.0.0</version>
        <configuration>
          <message>junit.jupiter.execution.parallel.enabled=false
junit.jupiter.execution.parallel.mode.default=concurrent
junit.jupiter.execution.parallel.mode.classes.default=concurrent
junit.jupiter.execution.parallel.config.strategy=dynamic
junit.jupiter.execution.parallel.config.dynamic.factor=1</message>
        </configuration>
      </plugin>
    </plugins>
  </build>
</project>
